// Jest Snapshot v1, https://goo.gl/fbAQLP

exports[`Fetch implementation should all the options 1`] = `
Object {
  "cache": "default",
  "headers": Headers {
    "_headers": Object {
      "session-id": Array [
        "session-key",
      ],
    },
  },
  "method": "GET",
  "mode": "cors",
  "timeout": 60000,
}
`;
